Total unique words: 3148, to process: 2659
[5/2659] dead                   ex=tatoeba  col=3
[10/2659] east                   ex=tatoeba  col=3
[15/2659] thus                   ex=tatoeba  col=3
[20/2659] lie                    ex=fallback col=0
[25/2659] saved checkpoint (ready)
[25/2659] ready                  ex=tatoeba  col=3
[30/2659] pressure               ex=tatoeba  col=3
[35/2659] determine              ex=fallback col=0
[40/2659] argue                  ex=tatoeba  col=1
[45/2659] recognise              ex=tatoeba  col=3
[50/2659] saved checkpoint (degree)
[50/2659] degree                 ex=tatoeba  col=1
[55/2659] box                    ex=tatoeba  col=3
[60/2659] everybody              ex=fallback col=0
[65/2659] standard               ex=tatoeba  col=3
[70/2659] arrive                 ex=fallback col=0
[75/2659] saved checkpoint (lawyer)
[75/2659] lawyer                 ex=tatoeba  col=3
[80/2659] professor              ex=tatoeba  col=3
[85/2659] authority              ex=tatoeba  col=3
[90/2659] knowledge              ex=tatoeba  col=3
[95/2659] truth                  ex=tatoeba  col=3
[100/2659] saved checkpoint (environment)
[100/2659] environment            ex=tatoeba  col=3
[105/2659] guess                  ex=tatoeba  col=3
[110/2659] forget                 ex=tatoeba  col=3
[115/2659] legal                  ex=tatoeba  col=3
[120/2659] memory                 ex=tatoeba  col=3
[125/2659] saved checkpoint (expert)
[125/2659] expert                 ex=tatoeba  col=3
[130/2659] avoid                  ex=tatoeba  col=3
[135/2659] finish                 ex=tatoeba  col=3
[140/2659] charge                 ex=tatoeba  col=3
[145/2659] contain                ex=tatoeba  col=3
[150/2659] saved checkpoint (wide)
[150/2659] wide                   ex=tatoeba  col=3
[155/2659] particular             ex=tatoeba  col=3
[160/2659] bite                   ex=tatoeba  col=3
[165/2659] treat                  ex=tatoeba  col=3
[170/2659] unit                   ex=tatoeba  col=1
[175/2659] saved checkpoint (mention)
[175/2659] mention                ex=tatoeba  col=3
[180/2659] necessary              ex=tatoeba  col=3
[185/2659] institution            ex=fallback col=0
[190/2659] beautiful              ex=tatoeba  col=3
[195/2659] magazine               ex=tatoeba  col=3
[200/2659] saved checkpoint (bag)
[200/2659] bag                    ex=tatoeba  col=3
[205/2659] purpose                ex=tatoeba  col=3
[210/2659] agent                  ex=tatoeba  col=3
[215/2659] generation             ex=tatoeba  col=3
[220/2659] coach                  ex=tatoeba  col=3
[225/2659] saved checkpoint (total)
[225/2659] total                  ex=fallback col=0
[230/2659] collection             ex=fallback col=0
[235/2659] civil                  ex=tatoeba  col=3
[240/2659] safe                   ex=tatoeba  col=3
[245/2659] newspaper              ex=tatoeba  col=3
[250/2659] saved checkpoint (interesting)
[250/2659] interesting            ex=tatoeba  col=3
[255/2659] western                ex=tatoeba  col=3
[260/2659] citizen                ex=tatoeba  col=3
[265/2659] admit                  ex=tatoeba  col=2
[270/2659] customer               ex=tatoeba  col=3
[275/2659] saved checkpoint (fresh)
[275/2659] fresh                  ex=tatoeba  col=3
[280/2659] access                 ex=tatoeba  col=3
[285/2659] opinion                ex=tatoeba  col=3
[290/2659] safety                 ex=tatoeba  col=3
[295/2659] immediately            ex=tatoeba  col=3
[300/2659] saved checkpoint (plane)
[300/2659] plane                  ex=tatoeba  col=3
[305/2659] labour                 ex=tatoeba  col=1
[310/2659] therefore              ex=fallback col=0
[315/2659] touch                  ex=tatoeba  col=3
[320/2659] press                  ex=tatoeba  col=3
[325/2659] saved checkpoint (argument)
[325/2659] argument               ex=tatoeba  col=3
[330/2659] possibility            ex=fallback col=0
[335/2659] african                ex=tatoeba  col=2
[340/2659] hole                   ex=tatoeba  col=3
[345/2659] university             ex=tatoeba  col=3
[350/2659] saved checkpoint (spot)
[350/2659] spot                   ex=tatoeba  col=3
[355/2659] wood                   ex=tatoeba  col=3
[360/2659] winter                 ex=tatoeba  col=3
[365/2659] screen                 ex=tatoeba  col=3
[370/2659] farm                   ex=tatoeba  col=3
[375/2659] saved checkpoint (shape)
[375/2659] shape                  ex=tatoeba  col=3
[380/2659] willing                ex=fallback col=0
[385/2659] target                 ex=tatoeba  col=3
[390/2659] reporter               ex=tatoeba  col=3
[395/2659] vehicle                ex=tatoeba  col=3
[400/2659] saved checkpoint (quick)
[400/2659] quick                  ex=fallback col=0
[405/2659] operate                ex=tatoeba  col=3
[410/2659] protection             ex=tatoeba  col=3
[415/2659] title                  ex=tatoeba  col=3
[420/2659] unless                 ex=tatoeba  col=3
[425/2659] saved checkpoint (survive)
[425/2659] survive                ex=tatoeba  col=3
[430/2659] limit                  ex=tatoeba  col=3
[435/2659] associate              ex=tatoeba  col=3
[440/2659] annual                 ex=tatoeba  col=3
[445/2659] regular                ex=tatoeba  col=3
[450/2659] saved checkpoint (ignore)
[450/2659] ignore                 ex=fallback col=0
[455/2659] religion               ex=tatoeba  col=3
[460/2659] speed                  ex=tatoeba  col=3
[465/2659] female                 ex=tatoeba  col=3
[470/2659] background             ex=tatoeba  col=3
[475/2659] saved checkpoint (suit)
[475/2659] suit                   ex=tatoeba  col=3
[480/2659] connection             ex=tatoeba  col=3
[485/2659] mistake                ex=tatoeba  col=3
[490/2659] function               ex=tatoeba  col=3
[495/2659] wine                   ex=tatoeba  col=3
[500/2659] saved checkpoint (remind)
[500/2659] remind                 ex=tatoeba  col=3
[505/2659] internet               ex=tatoeba  col=3
[510/2659] photo                  ex=tatoeba  col=3
[515/2659] fair                   ex=tatoeba  col=3
[520/2659] flower                 ex=fallback col=0
[525/2659] saved checkpoint (supply)
[525/2659] supply                 ex=tatoeba  col=3
[530/2659] eastern                ex=tatoeba  col=2
[535/2659] bottom                 ex=tatoeba  col=3
[540/2659] train                  ex=tatoeba  col=3
[545/2659] damage                 ex=tatoeba  col=3
[550/2659] saved checkpoint (otherwise)
[550/2659] otherwise              ex=tatoeba  col=3
[555/2659] intend                 ex=tatoeba  col=3
[560/2659] map                    ex=tatoeba  col=3
[565/2659] desire                 ex=tatoeba  col=3
[570/2659] nod                    ex=tatoeba  col=1
[575/2659] saved checkpoint (pool)
[575/2659] pool                   ex=tatoeba  col=3
[580/2659] expand                 ex=tatoeba  col=3
[585/2659] software               ex=tatoeba  col=3
[590/2659] urban                  ex=tatoeba  col=3
[595/2659] sugar                  ex=tatoeba  col=3
[600/2659] saved checkpoint (complex)
[600/2659] complex                ex=tatoeba  col=3
[605/2659] soul                   ex=tatoeba  col=3
[610/2659] instrument             ex=tatoeba  col=3
[615/2659] pocket                 ex=tatoeba  col=3
[620/2659] breath                 ex=tatoeba  col=2
[625/2659] saved checkpoint (straight)
[625/2659] straight               ex=tatoeba  col=3
[630/2659] photograph             ex=tatoeba  col=3
[635/2659] breast                 ex=tatoeba  col=3
[640/2659] expensive              ex=tatoeba  col=3
[645/2659] regulation             ex=tatoeba  col=1
[650/2659] saved checkpoint (package)
[650/2659] package                ex=tatoeba  col=3
[655/2659] e-mail/e-mail          ex=fallback col=0
[660/2659] profit                 ex=tatoeba  col=2
[665/2659] traffic                ex=tatoeba  col=3
[670/2659] thick                  ex=tatoeba  col=3
[675/2659] saved checkpoint (unique)
[675/2659] unique                 ex=tatoeba  col=3
[680/2659] root                   ex=tatoeba  col=3
[685/2659] hardly                 ex=fallback col=0
[690/2659] defend                 ex=tatoeba  col=3
[695/2659] mix                    ex=tatoeba  col=3
[700/2659] saved checkpoint (pilot)
[700/2659] pilot                  ex=tatoeba  col=3
[705/2659] circumstance           ex=tatoeba  col=1
[710/2659] neither                ex=tatoeba  col=3
[715/2659] basketball             ex=tatoeba  col=3
[720/2659] relief                 ex=tatoeba  col=3
[725/2659] saved checkpoint (silence)
[725/2659] silence                ex=tatoeba  col=3
[730/2659] equal                  ex=tatoeba  col=3
[735/2659] hall                   ex=tatoeba  col=3
[740/2659] meanwhile              ex=tatoeba  col=2
[745/2659] mirror                 ex=tatoeba  col=3
[750/2659] saved checkpoint (topic)
[750/2659] topic                  ex=tatoeba  col=3
[755/2659] rare                   ex=tatoeba  col=3
[760/2659] bond                   ex=tatoeba  col=1
[765/2659] wing                   ex=tatoeba  col=3
[770/2659] reference              ex=tatoeba  col=3
[775/2659] saved checkpoint (winner)
[775/2659] winner                 ex=tatoeba  col=3
[780/2659] tip                    ex=tatoeba  col=3
[785/2659] dish                   ex=tatoeba  col=3
[790/2659] initial                ex=fallback col=0
[795/2659] criminal               ex=tatoeba  col=3
[800/2659] saved checkpoint (holiday)
[800/2659] holiday                ex=tatoeba  col=3
[805/2659] match                  ex=tatoeba  col=3
[810/2659] proud                  ex=tatoeba  col=3
[815/2659] experiment             ex=tatoeba  col=3
[820/2659] expose                 ex=tatoeba  col=1
[825/2659] saved checkpoint (gate)
[825/2659] gate                   ex=tatoeba  col=3
[830/2659] succeed                ex=tatoeba  col=3
[835/2659] reject                 ex=fallback col=0
[840/2659] cast                   ex=tatoeba  col=3
[845/2659] physician              ex=tatoeba  col=3
[850/2659] saved checkpoint (approve)
[850/2659] approve                ex=tatoeba  col=3
[855/2659] acquire                ex=tatoeba  col=3
[860/2659] illegal                ex=tatoeba  col=3
[865/2659] assistance             ex=tatoeba  col=3
[870/2659] lab                    ex=tatoeba  col=1
[875/2659] saved checkpoint (suspect)
[875/2659] suspect                ex=tatoeba  col=3
[880/2659] sir                    ex=tatoeba  col=3
[885/2659] request                ex=tatoeba  col=3
[890/2659] drag                   ex=fallback col=0
[895/2659] roof                   ex=tatoeba  col=3
[900/2659] saved checkpoint (wash)
[900/2659] wash                   ex=tatoeba  col=3
[905/2659] steel                  ex=tatoeba  col=3
[910/2659] suppose                ex=tatoeba  col=3
[915/2659] description            ex=tatoeba  col=3
[920/2659] transform              ex=tatoeba  col=2
[925/2659] saved checkpoint (bend)
[925/2659] bend                   ex=tatoeba  col=3
[930/2659] preserve               ex=tatoeba  col=3
[935/2659] atmosphere             ex=tatoeba  col=3
[940/2659] consistent             ex=fallback col=0
[945/2659] grand                  ex=tatoeba  col=3
[950/2659] saved checkpoint (joke)
[950/2659] joke                   ex=tatoeba  col=1
[955/2659] elect                  ex=fallback col=0
[960/2659] iron                   ex=tatoeba  col=3
[965/2659] shock                  ex=tatoeba  col=3
[970/2659] illness                ex=fallback col=0
[975/2659] saved checkpoint (parking)
[975/2659] parking                ex=tatoeba  col=3
[980/2659] king                   ex=tatoeba  col=3
[985/2659] monitor                ex=tatoeba  col=3
[990/2659] digital                ex=tatoeba  col=3
[995/2659] approximately          ex=tatoeba  col=3
[1000/2659] saved checkpoint (command)
[1000/2659] command                ex=tatoeba  col=3
[1005/2659] smell                  ex=tatoeba  col=3
[1010/2659] butter                 ex=tatoeba  col=3
[1015/2659] tower                  ex=tatoeba  col=3
[1020/2659] toy                    ex=tatoeba  col=3
[1025/2659] saved checkpoint (educator)
[1025/2659] educator               ex=fallback col=0
[1030/2659] coast                  ex=tatoeba  col=3
[1035/2659] whisper                ex=tatoeba  col=3
[1040/2659] throat                 ex=tatoeba  col=3
[1045/2659] permanent              ex=tatoeba  col=3
[1050/2659] saved checkpoint (resist)
[1050/2659] resist                 ex=tatoeba  col=3
[1055/2659] consultant             ex=fallback col=0
[1060/2659] favour                 ex=tatoeba  col=3
[1065/2659] suggestion             ex=tatoeba  col=3
[1070/2659] concert                ex=tatoeba  col=3
[1075/2659] saved checkpoint (extreme)
[1075/2659] extreme                ex=tatoeba  col=1
[1080/2659] pace                   ex=tatoeba  col=3
[1085/2659] pop                    ex=tatoeba  col=3
[1090/2659] conventional           ex=tatoeba  col=1
[1095/2659] flat                   ex=tatoeba  col=3
[1100/2659] saved checkpoint (arise)
[1100/2659] arise                  ex=tatoeba  col=1
[1105/2659] fibre                  ex=tatoeba  col=2
[1110/2659] barrier                ex=tatoeba  col=1
[1115/2659] draft                  ex=tatoeba  col=3
[1120/2659] pregnant               ex=tatoeba  col=3
[1125/2659] saved checkpoint (chocolate)
[1125/2659] chocolate              ex=tatoeba  col=3
[1130/2659] button                 ex=tatoeba  col=3
[1135/2659] super                  ex=tatoeba  col=3
[1140/2659] burden                 ex=tatoeba  col=3
[1145/2659] cheek                  ex=tatoeba  col=3
[1150/2659] saved checkpoint (electric)
[1150/2659] electric               ex=tatoeba  col=3
[1155/2659] assistant              ex=fallback col=0
[1160/2659] cousin                 ex=tatoeba  col=3
[1165/2659] spokesman/woman        ex=fallback col=0
[1170/2659] terror                 ex=tatoeba  col=1
[1175/2659] saved checkpoint (solar)
[1175/2659] solar                  ex=tatoeba  col=3
[1180/2659] friendly               ex=fallback col=0
[1185/2659] innocent               ex=tatoeba  col=3
[1190/2659] bench                  ex=tatoeba  col=3
[1195/2659] pride                  ex=tatoeba  col=3
[1200/2659] saved checkpoint (finance)
[1200/2659] finance                ex=tatoeba  col=2
[1205/2659] partly                 ex=tatoeba  col=1
[1210/2659] tire                   ex=fallback col=0
[1215/2659] relax                  ex=tatoeba  col=3
[1220/2659] dirty                  ex=tatoeba  col=3
[1225/2659] saved checkpoint (properly)
[1225/2659] properly               ex=tatoeba  col=3
[1230/2659] squeeze                ex=fallback col=0
[1235/2659] stable                 ex=tatoeba  col=3
[1240/2659] violate                ex=tatoeba  col=3
[1245/2659] nowhere                ex=tatoeba  col=3
[1250/2659] saved checkpoint (pale)
[1250/2659] pale                   ex=tatoeba  col=3
[1255/2659] leather                ex=tatoeba  col=3
[1260/2659] wisdom                 ex=tatoeba  col=3
[1265/2659] gesture                ex=tatoeba  col=3
[1270/2659] pipe                   ex=tatoeba  col=3
[1275/2659] saved checkpoint (differ)
[1275/2659] differ                 ex=tatoeba  col=1
[1280/2659] pile                   ex=tatoeba  col=3
[1285/2659] wealthy                ex=tatoeba  col=3
[1290/2659] rapid                  ex=fallback col=0
[1295/2659] friendship             ex=tatoeba  col=3
[1300/2659] saved checkpoint (reservation)
[1300/2659] reservation            ex=tatoeba  col=3
[1305/2659] trick                  ex=tatoeba  col=3
[1310/2659] tennis                 ex=tatoeba  col=3
[1315/2659] loud                   ex=tatoeba  col=3
[1320/2659] agricultural           ex=tatoeba  col=2
[1325/2659] saved checkpoint (downtown)
[1325/2659] downtown               ex=tatoeba  col=3
[1330/2659] motivation             ex=tatoeba  col=1
[1335/2659] float                  ex=tatoeba  col=3
[1340/2659] yours                  ex=fallback col=0
[1345/2659] discrimination         ex=tatoeba  col=3
[1350/2659] saved checkpoint (lemon)
[1350/2659] lemon                  ex=tatoeba  col=3
[1355/2659] extension              ex=tatoeba  col=3
[1360/2659] shower                 ex=tatoeba  col=3
[1365/2659] comedy                 ex=tatoeba  col=3
[1370/2659] devote                 ex=fallback col=0
[1375/2659] saved checkpoint (actress)
[1375/2659] actress                ex=tatoeba  col=3
[1380/2659] shore                  ex=tatoeba  col=3
[1385/2659] powder                 ex=tatoeba  col=1
[1390/2659] ban                    ex=tatoeba  col=3
[1395/2659] lovely                 ex=fallback col=0
[1400/2659] saved checkpoint (piano)
[1400/2659] piano                  ex=tatoeba  col=3
[1405/2659] prescription           ex=tatoeba  col=3
[1410/2659] courage                ex=tatoeba  col=3
[1415/2659] coal                   ex=tatoeba  col=3
[1420/2659] sigh                   ex=tatoeba  col=3
[1425/2659] saved checkpoint (container)
[1425/2659] container              ex=fallback col=0
[1430/2659] decrease               ex=tatoeba  col=1
[1435/2659] shine                  ex=tatoeba  col=3
[1440/2659] invent                 ex=fallback col=0
[1445/2659] interrupt              ex=tatoeba  col=3
[1450/2659] saved checkpoint (jeans)
[1450/2659] jeans                  ex=tatoeba  col=3
[1455/2659] bitter                 ex=tatoeba  col=3
[1460/2659] candy                  ex=tatoeba  col=3
[1465/2659] export                 ex=tatoeba  col=1
[1470/2659] snake                  ex=tatoeba  col=3
[1475/2659] saved checkpoint (civilization/sation)
[1475/2659] civilization/sation    ex=fallback col=0
[1480/2659] architecture           ex=tatoeba  col=3
[1485/2659] sandwich               ex=tatoeba  col=3
[1490/2659] lend                   ex=tatoeba  col=3
[1495/2659] rat                    ex=tatoeba  col=3
[1500/2659] saved checkpoint (flood)
[1500/2659] flood                  ex=tatoeba  col=3
[1505/2659] basement               ex=tatoeba  col=3
[1510/2659] temple                 ex=tatoeba  col=3
[1515/2659] pond                   ex=tatoeba  col=3
[1520/2659] tune                   ex=tatoeba  col=3
[1525/2659] saved checkpoint (behave)
[1525/2659] behave                 ex=tatoeba  col=3
[1530/2659] alarm                  ex=tatoeba  col=3
[1535/2659] separation             ex=tatoeba  col=1
[1540/2659] injure                 ex=fallback col=0
[1545/2659] currency               ex=tatoeba  col=3
[1550/2659] saved checkpoint (compromise)
[1550/2659] compromise             ex=tatoeba  col=3
[1555/2659] disk                   ex=tatoeba  col=1
[1560/2659] theoretical            ex=tatoeba  col=1
[1565/2659] hook                   ex=tatoeba  col=3
[1570/2659] attraction             ex=fallback col=0
[1575/2659] saved checkpoint (belly)
[1575/2659] belly                  ex=tatoeba  col=3
[1580/2659] mild                   ex=tatoeba  col=3
[1585/2659] poster                 ex=tatoeba  col=3
[1590/2659] jazz                   ex=tatoeba  col=3
[1595/2659] punish                 ex=tatoeba  col=1
[1600/2659] saved checkpoint (repair)
[1600/2659] repair                 ex=tatoeba  col=3
[1605/2659] destination            ex=tatoeba  col=3
[1610/2659] cancel                 ex=tatoeba  col=1
[1615/2659] servant                ex=tatoeba  col=1
[1620/2659] performer              ex=tatoeba  col=1
[1625/2659] saved checkpoint (precious)
[1625/2659] precious               ex=tatoeba  col=3
[1630/2659] dawn                   ex=tatoeba  col=3
[1635/2659] seal                   ex=fallback col=0
[1640/2659] undertake              ex=tatoeba  col=1
[1645/2659] elder                  ex=tatoeba  col=3
[1650/2659] saved checkpoint (invitation)
[1650/2659] invitation             ex=tatoeba  col=1
[1655/2659] rocket                 ex=tatoeba  col=3
[1660/2659] carpet                 ex=tatoeba  col=3
[1665/2659] dilemma                ex=tatoeba  col=1
[1670/2659] stadium                ex=tatoeba  col=3
[1675/2659] saved checkpoint (steam)
[1675/2659] steam                  ex=tatoeba  col=3
[1680/2659] equip                  ex=fallback col=0
[1685/2659] aunt                   ex=tatoeba  col=3
[1690/2659] patience               ex=tatoeba  col=3
[1695/2659] bush                   ex=tatoeba  col=3
[1700/2659] saved checkpoint (exam)
[1700/2659] exam                   ex=tatoeba  col=3
[1705/2659] whale                  ex=tatoeba  col=3
[1710/2659] mathematics            ex=tatoeba  col=3
[1715/2659] sympathy               ex=tatoeba  col=3
[1720/2659] uncertain              ex=tatoeba  col=3
[1725/2659] saved checkpoint (waist)
[1725/2659] waist                  ex=tatoeba  col=3
[1730/2659] appreciation           ex=fallback col=0
[1735/2659] alley                  ex=tatoeba  col=3
[1740/2659] bicycle                ex=tatoeba  col=3
[1745/2659] upstairs               ex=tatoeba  col=3
[1750/2659] saved checkpoint (dam)
[1750/2659] dam                    ex=tatoeba  col=1
[1755/2659] frontier               ex=fallback col=0
[1760/2659] behalf                 ex=tatoeba  col=3
[1765/2659] constitution           ex=tatoeba  col=3
[1770/2659] wheat                  ex=tatoeba  col=3
[1775/2659] saved checkpoint (jungle)
[1775/2659] jungle                 ex=tatoeba  col=3
[1780/2659] dip                    ex=fallback col=0
[1785/2659] lightning              ex=tatoeba  col=3
[1790/2659] slavery                ex=tatoeba  col=3
[1795/2659] spare                  ex=tatoeba  col=3
[1800/2659] saved checkpoint (chew)
[1800/2659] chew                   ex=tatoeba  col=3
[1805/2659] scratch                ex=tatoeba  col=1
[1810/2659] goat                   ex=tatoeba  col=2
[1815/2659] widow                  ex=tatoeba  col=2
[1820/2659] fur                    ex=tatoeba  col=3
[1825/2659] saved checkpoint (suite)
[1825/2659] suite                  ex=fallback col=0
[1830/2659] warmth                 ex=tatoeba  col=3
[1835/2659] drill                  ex=tatoeba  col=1
[1840/2659] invention              ex=fallback col=0
[1845/2659] marble                 ex=fallback col=0
[1850/2659] saved checkpoint (spy)
[1850/2659] spy                    ex=tatoeba  col=3
[1855/2659] biography              ex=fallback col=0
[1860/2659] till                   ex=tatoeba  col=3
[1865/2659] nationwide             ex=fallback col=0
[1870/2659] bargain                ex=tatoeba  col=3
[1875/2659] saved checkpoint (challenging)
[1875/2659] challenging            ex=tatoeba  col=3
[1880/2659] awkward                ex=tatoeba  col=3
[1885/2659] scar                   ex=tatoeba  col=3
[1890/2659] ray                    ex=tatoeba  col=2
[1895/2659] rob                    ex=tatoeba  col=1
[1900/2659] saved checkpoint (vinegar)
[1900/2659] vinegar                ex=tatoeba  col=3
[1905/2659] advertise              ex=tatoeba  col=1
[1910/2659] taxi                   ex=tatoeba  col=3
[1915/2659] competence             ex=fallback col=0
[1920/2659] bleed                  ex=tatoeba  col=1
[1925/2659] saved checkpoint (cautious)
[1925/2659] cautious               ex=tatoeba  col=3
[1930/2659] chorus                 ex=tatoeba  col=3
[1935/2659] dusty                  ex=fallback col=0
[1940/2659] countryside            ex=tatoeba  col=3
[1945/2659] underground            ex=tatoeba  col=3
[1950/2659] saved checkpoint (grill)
[1950/2659] grill                  ex=fallback col=0
[1955/2659] strawberry             ex=tatoeba  col=3
[1960/2659] jam                    ex=tatoeba  col=3
[1965/2659] ambulance              ex=tatoeba  col=3
[1970/2659] applicant              ex=fallback col=0
[1975/2659] saved checkpoint (goose)
[1975/2659] goose                  ex=tatoeba  col=3
[1980/2659] damp                   ex=tatoeba  col=3
[1985/2659] salesman/woman         ex=fallback col=0
[1990/2659] academy                ex=tatoeba  col=1
[1995/2659] interpreter            ex=tatoeba  col=3
[2000/2659] saved checkpoint (ashamed)
[2000/2659] ashamed                ex=tatoeba  col=3
[2005/2659] flu                    ex=tatoeba  col=3
[2010/2659] passive                ex=tatoeba  col=3
[2015/2659] weep                   ex=tatoeba  col=1
[2020/2659] facial                 ex=tatoeba  col=1
[2025/2659] saved checkpoint (deed)
[2025/2659] deed                   ex=tatoeba  col=3
[2030/2659] harbour                ex=tatoeba  col=3
[2035/2659] balcony                ex=tatoeba  col=3
[2040/2659] bark                   ex=tatoeba  col=1
[2045/2659] castle                 ex=tatoeba  col=3
[2050/2659] saved checkpoint (sniff)
[2050/2659] sniff                  ex=fallback col=0
[2055/2659] forecast               ex=tatoeba  col=3
[2060/2659] feast                  ex=tatoeba  col=1
[2065/2659] mist                   ex=tatoeba  col=3
[2070/2659] maid                   ex=tatoeba  col=3
[2075/2659] saved checkpoint (dial)
[2075/2659] dial                   ex=tatoeba  col=2
[2080/2659] kindergarten           ex=tatoeba  col=3
[2085/2659] scarf                  ex=tatoeba  col=3
[2090/2659] toast                  ex=tatoeba  col=3
[2095/2659] insure                 ex=fallback col=0
[2100/2659] saved checkpoint (liberation)
[2100/2659] liberation             ex=tatoeba  col=3
[2105/2659] lazy                   ex=tatoeba  col=3
[2110/2659] acquaintance           ex=tatoeba  col=3
[2115/2659] dentist                ex=tatoeba  col=3
[2120/2659] dash                   ex=tatoeba  col=1
[2125/2659] saved checkpoint (glare)
[2125/2659] glare                  ex=fallback col=0
[2130/2659] flashlight             ex=tatoeba  col=3
[2135/2659] wrestle                ex=tatoeba  col=1
[2140/2659] astronomy              ex=tatoeba  col=3
[2145/2659] receipt                ex=tatoeba  col=3
[2150/2659] saved checkpoint (postpone)
[2150/2659] postpone               ex=fallback col=0
[2155/2659] necklace               ex=tatoeba  col=3
[2160/2659] voyage                 ex=tatoeba  col=3
[2165/2659] smoker                 ex=tatoeba  col=3
[2170/2659] stain                  ex=tatoeba  col=3
[2175/2659] saved checkpoint (vacant)
[2175/2659] vacant                 ex=tatoeba  col=3
[2180/2659] mourn                  ex=fallback col=0
[2185/2659] catalogue              ex=fallback col=0
[2190/2659] paperwork              ex=fallback col=0
[2195/2659] cushion                ex=fallback col=0
[2200/2659] saved checkpoint (claw)
[2200/2659] claw                   ex=tatoeba  col=3
[2205/2659] worthwhile             ex=tatoeba  col=1
[2210/2659] emperor                ex=tatoeba  col=3
[2215/2659] energetic              ex=tatoeba  col=3
[2220/2659] socialism              ex=fallback col=0
[2225/2659] saved checkpoint (pancake)
[2225/2659] pancake                ex=tatoeba  col=1
[2230/2659] tick                   ex=tatoeba  col=2
[2235/2659] sickness               ex=fallback col=0
[2240/2659] merry                  ex=tatoeba  col=3
[2245/2659] hamburger              ex=tatoeba  col=3
[2250/2659] saved checkpoint (preview)
[2250/2659] preview                ex=fallback col=0
[2255/2659] arbitrary              ex=tatoeba  col=1
[2260/2659] premier                ex=tatoeba  col=1
[2265/2659] adore                  ex=tatoeba  col=3
[2270/2659] nationality            ex=tatoeba  col=3
[2275/2659] saved checkpoint (fingernail)
[2275/2659] fingernail             ex=tatoeba  col=1
[2280/2659] pardon                 ex=tatoeba  col=3
[2285/2659] radioactive            ex=fallback col=0
[2290/2659] fasten                 ex=tatoeba  col=3
[2295/2659] bound                  ex=tatoeba  col=3
[2300/2659] saved checkpoint (bakery)
[2300/2659] bakery                 ex=tatoeba  col=3
[2305/2659] cinema                 ex=tatoeba  col=3
[2310/2659] directory              ex=tatoeba  col=1
[2315/2659] stainless              ex=fallback col=0
[2320/2659] relay                  ex=fallback col=0
[2325/2659] saved checkpoint (stocking)
[2325/2659] stocking               ex=fallback col=0
[2330/2659] thankful               ex=fallback col=0
[2335/2659] dictionary             ex=tatoeba  col=3
[2340/2659] accustomed             ex=tatoeba  col=3
[2345/2659] amaze                  ex=fallback col=0
[2350/2659] saved checkpoint (dizzy)
[2350/2659] dizzy                  ex=tatoeba  col=3
[2355/2659] popcorn                ex=tatoeba  col=3
[2360/2659] disgusting             ex=tatoeba  col=3
[2365/2659] enjoyable              ex=fallback col=0
[2370/2659] fragrant               ex=tatoeba  col=3
[2375/2659] saved checkpoint (crossroads)
[2375/2659] crossroads             ex=tatoeba  col=2
[2380/2659] paddle                 ex=fallback col=0
[2385/2659] butcher                ex=tatoeba  col=2
[2390/2659] broom                  ex=tatoeba  col=3
[2395/2659] snowy                  ex=tatoeba  col=3
[2400/2659] saved checkpoint (armchair)
[2400/2659] armchair               ex=tatoeba  col=3
[2405/2659] tidy                   ex=tatoeba  col=3
[2410/2659] lame                   ex=tatoeba  col=3
[2415/2659] poisonous              ex=tatoeba  col=3
[2420/2659] receptionist           ex=fallback col=0
[2425/2659] saved checkpoint (gymnastics)
[2425/2659] gymnastics             ex=tatoeba  col=3
[2430/2659] thunderstorm           ex=fallback col=0
[2435/2659] bungalow               ex=fallback col=0
[2440/2659] jeep                   ex=tatoeba  col=1
[2445/2659] mommy                  ex=tatoeba  col=3
[2450/2659] saved checkpoint (lemonade)
[2450/2659] lemonade               ex=tatoeba  col=1
[2455/2659] riddle                 ex=tatoeba  col=3
[2460/2659] wag                    ex=fallback col=0
[2465/2659] bravery                ex=tatoeba  col=2
[2470/2659] refresh                ex=tatoeba  col=1
[2475/2659] saved checkpoint (mistaken)
[2475/2659] mistaken               ex=tatoeba  col=3
[2480/2659] compulsory             ex=tatoeba  col=1
[2485/2659] fluency                ex=tatoeba  col=3
[2490/2659] spade                  ex=tatoeba  col=2
[2495/2659] cooker                 ex=fallback col=0
[2500/2659] saved checkpoint (zebra)
[2500/2659] zebra                  ex=tatoeba  col=3
[2505/2659] grocer                 ex=fallback col=0
[2510/2659] tram                   ex=tatoeba  col=3
[2515/2659] pronunciation          ex=tatoeba  col=3
[2520/2659] queue                  ex=tatoeba  col=3
[2525/2659] saved checkpoint (punctuation)
[2525/2659] punctuation            ex=tatoeba  col=3
[2530/2659] eraser                 ex=tatoeba  col=3
[2535/2659] considerate            ex=tatoeba  col=3
[2540/2659] tiresome               ex=tatoeba  col=1
[2545/2659] moslem                 ex=fallback col=0
[2550/2659] saved checkpoint (addicted)
[2550/2659] addicted               ex=tatoeba  col=3
[2555/2659] anchor v&              ex=fallback col=0
[2560/2659] bacterium              ex=fallback col=0
[2565/2659] bridegroom             ex=fallback col=0
[2570/2659] cent                   ex=tatoeba  col=3
[2575/2659] saved checkpoint (cosy)
[2575/2659] cosy                   ex=fallback col=0
[2580/2659] dollar                 ex=fallback col=0
[2585/2659] dvd                    ex=tatoeba  col=3
[2590/2659] franc                  ex=fallback col=0
[2595/2659] greengrocer            ex=fallback col=0
[2600/2659] saved checkpoint (kilo)
[2600/2659] kilo                   ex=tatoeba  col=1
[2605/2659] mile                   ex=tatoeba  col=3
[2610/2659] oceania                ex=tatoeba  col=1
[2615/2659] p.c                    ex=fallback col=0
[2620/2659] pence                  ex=fallback col=0
[2625/2659] saved checkpoint (pint)
[2625/2659] pint                   ex=tatoeba  col=3
[2630/2659] radium                 ex=tatoeba  col=3
[2635/2659] salesgirl              ex=fallback col=0
[2640/2659] shaver                 ex=tatoeba  col=1
[2645/2659] sunburnt               ex=tatoeba  col=1
[2650/2659] saved checkpoint (typhoon)
[2650/2659] typhoon                ex=tatoeba  col=3
[2655/2659] waiting-room           ex=fallback col=0
[2659/2659] yourselves             ex=tatoeba  col=3

Done.
  examples: /Users/erkoliu/Documents/github/tools/words/assets/examples.json (3151 words) stats={'manual': 2, 'tatoeba': 2216, 'fallback': 441, 'skipped': 0}
  collocations: /Users/erkoliu/Documents/github/tools/words/assets/collocations.json stats={'curated': 0, 'tatoeba': 2213, 'empty': 444, 'skipped': 0}
